Archive member included because of file (symbol)

startup/libea_startup_thumb.a(consol.o)
                              main.o (simplePrintf)
startup/libea_startup_thumb.a(framework.o)
                              main.o (eaInit)
startup/libea_startup_thumb.a(startup.o)
                              (_startup)
pre_emptive_os/pre_emptive_os.a(kernel.o)
                              main.o (osInit)
pre_emptive_os/pre_emptive_os.a(prioqueue.o)
                              pre_emptive_os/pre_emptive_os.a(kernel.o) (initPrioQueue)
pre_emptive_os/pre_emptive_os.a(timer.o)
                              pre_emptive_os/pre_emptive_os.a(kernel.o) (timerTick)
pre_emptive_os/pre_emptive_os.a(stack_usage.o)
                              pre_emptive_os/pre_emptive_os.a(kernel.o) (createStackPattern)
pre_emptive_os/pre_emptive_os.a(a7hal.o)
                              pre_emptive_os/pre_emptive_os.a(kernel.o) (stkFrameInit_oshal)
pre_emptive_os/pre_emptive_os.a(a7hal_a.o)
                              pre_emptive_os/pre_emptive_os.a(kernel.o) (startHighProc_oshal)
pre_emptive_os/pre_emptive_os.a(count_sem.o)
                              pre_emptive_os/pre_emptive_os.a(timer.o) (osSemInit)
pre_emptive_os/pre_emptive_os.a(event.o)
                              pre_emptive_os/pre_emptive_os.a(count_sem.o) (eventInit)
/cygdrive/c/Embedded/GNUARM/bin/../lib/gcc/arm-elf/4.1.1/interwork/libgcc.a(_udivsi3.o)
                              startup/libea_startup_thumb.a(consol.o) (__udivsi3)
/cygdrive/c/Embedded/GNUARM/bin/../lib/gcc/arm-elf/4.1.1/interwork/libgcc.a(_divsi3.o)
                              main.o (__divsi3)
/cygdrive/c/Embedded/GNUARM/bin/../lib/gcc/arm-elf/4.1.1/interwork/libgcc.a(_umodsi3.o)
                              startup/libea_startup_thumb.a(consol.o) (__umodsi3)
/cygdrive/c/Embedded/GNUARM/bin/../lib/gcc/arm-elf/4.1.1/interwork/libgcc.a(_dvmd_tls.o)
                              /cygdrive/c/Embedded/GNUARM/bin/../lib/gcc/arm-elf/4.1.1/interwork/libgcc.a(_udivsi3.o) (__div0)
/cygdrive/c/Embedded/GNUARM/bin/../lib/gcc/arm-elf/4.1.1/interwork/libgcc.a(_call_via_rX.o)
                              pre_emptive_os/pre_emptive_os.a(timer.o) (_call_via_r4)
/cygdrive/c/Embedded/GNUARM/bin/../lib/gcc/arm-elf/4.1.1/../../../../arm-elf/lib/interwork/libc.a(atoi.o)
                              startup/libea_startup_thumb.a(consol.o) (atoi)
/cygdrive/c/Embedded/GNUARM/bin/../lib/gcc/arm-elf/4.1.1/../../../../arm-elf/lib/interwork/libc.a(memcpy.o)
                              eepromTest.o (memcpy)
/cygdrive/c/Embedded/GNUARM/bin/../lib/gcc/arm-elf/4.1.1/../../../../arm-elf/lib/interwork/libc.a(strlen.o)
                              eepromTest.o (strlen)
/cygdrive/c/Embedded/GNUARM/bin/../lib/gcc/arm-elf/4.1.1/../../../../arm-elf/lib/interwork/libc.a(strtol.o)
                              /cygdrive/c/Embedded/GNUARM/bin/../lib/gcc/arm-elf/4.1.1/../../../../arm-elf/lib/interwork/libc.a(atoi.o) (_strtol_r)
/cygdrive/c/Embedded/GNUARM/bin/../lib/gcc/arm-elf/4.1.1/../../../../arm-elf/lib/interwork/libc.a(ctype_.o)
                              /cygdrive/c/Embedded/GNUARM/bin/../lib/gcc/arm-elf/4.1.1/../../../../arm-elf/lib/interwork/libc.a(strtol.o) (__ctype_ptr)
/cygdrive/c/Embedded/GNUARM/bin/../lib/gcc/arm-elf/4.1.1/../../../../arm-elf/lib/interwork/libc.a(impure.o)
                              /cygdrive/c/Embedded/GNUARM/bin/../lib/gcc/arm-elf/4.1.1/../../../../arm-elf/lib/interwork/libc.a(strtol.o) (_impure_ptr)

Allocating common symbols
Common symbol       size              file

pHeapEnd            0x4               startup/libea_startup_thumb.a(framework.o)
pHeapStart          0x4               startup/libea_startup_thumb.a(framework.o)
msClock             0x4               main.o
processControlBlocks
                    0xf0              pre_emptive_os/pre_emptive_os.a(kernel.o)

Discarded input sections

 .stabstr       0x00000000        0x0 startup/libea_startup_thumb.a(startup.o)
 .stabstr       0x00000000        0x0 pre_emptive_os/pre_emptive_os.a(a7hal_a.o)

Memory Configuration

Name             Origin             Length             Attributes
FLASH            0x00000000         0x00080000         xr
RAM              0x40000000         0x00008000         rw
*default*        0x00000000         0xffffffff

Linker script and memory map

LOAD main.o
LOAD eepromTest.o
LOAD eeprom.o
LOAD i2c.o
LOAD adc.o
LOAD pca9532.o
LOAD lcd.o
LOAD lcd_hw.o
LOAD startup/libea_startup_thumb.a
LOAD pre_emptive_os/pre_emptive_os.a
START GROUP
LOAD /cygdrive/c/Embedded/GNUARM/bin/../lib/gcc/arm-elf/4.1.1/interwork/libgcc.a
LOAD /cygdrive/c/Embedded/GNUARM/bin/../lib/gcc/arm-elf/4.1.1/../../../../arm-elf/lib/interwork/libc.a
END GROUP

.text           0x00000000     0x37b0
 *startup.o(.text)
 .text          0x00000000      0x1d8 startup/libea_startup_thumb.a(startup.o)
                0x00000000                _startup
 *(.text)
 .text          0x000001d8      0x750 main.o
                0x0000023c                readTouch
                0x0000022c                appTick
                0x000001d8                udelay
                0x00000300                main
 .text          0x00000928      0x25c eepromTest.o
                0x00000928                testEEPROM
 .text          0x00000b84      0x2b4 eeprom.o
                0x00000c1c                pca9532
                0x00000d08                eepromWrite
                0x00000dec                eepromPoll
                0x00000d74                eepromPageRead
                0x00000b84                eepromStartRead
 .text          0x00000e38      0x39c i2c.o
                0x00000e50                i2cInit
                0x00001094                i2cRead
                0x00000fc0                i2cWriteWithWait
                0x00000e9c                i2cStart
                0x00000ee8                i2cStop
                0x00000e38                i2cCheckStatus
                0x00000f3c                i2cGetChar
                0x00001048                i2cRepeatStart
                0x00001134                i2cWrite
                0x00000f94                i2cWaitTransmit
                0x00000ff0                i2cMyWrite
                0x00000f10                i2cPutChar
 .text          0x000011d4       0x94 adc.o
                0x000011d4                getAnalogueInput
                0x0000120c                initAdc
 .text          0x00001268       0xec pca9532.o
                0x00001290                setPca9532Pin
                0x00001268                getPca9532Pin
                0x0000131c                pca9532Init
 .text          0x00001354      0x570 lcd.o
                0x00001354                lcdColor
                0x00001520                lcdWindow
                0x00001760                lcdClrscr
                0x00001628                lcdRectBrd
                0x000014a4                lcdPutchar
                0x0000173c                lcdContrast
                0x000017b4                lcdOff
                0x000017d0                lcdInit
                0x00001578                lcdIcon
                0x000013dc                lcdData
                0x00001368                lcdWrdata
                0x000016d8                lcdRect
                0x00001378                lcdWrcmd
                0x00001508                lcdPuts
                0x00001550                lcdGotoxy
 .text          0x000018c4       0xd8 lcd_hw.o
                0x000018c4                sendToLCD
                0x00001960                initSpiForLcd
                0x00001940                selectLCD
 .text          0x0000199c      0x67c startup/libea_startup_thumb.a(consol.o)
                0x00001e54                consolGetIntNum
                0x00001a90                consolSendCh
                0x00001c5c                consolGetString
                0x00001b00                consolSendNumber
                0x00001c18                consolGetCh
                0x00001a70                consolSendChar
                0x00001cd4                simplePrintf
                0x00001ad4                consolSendString
                0x00001f34                consolScanf
                0x00001c38                consolGetChar
                0x00001a20                consolInit
 .text          0x00002018      0x2c0 startup/libea_startup_thumb.a(framework.o)
                0x00002144                eaInit
                0x00002090                lowLevelInit
                0x00002018                exceptionHandlerInit
 .text          0x000022d8      0x4f8 pre_emptive_os/pre_emptive_os.a(kernel.o)
                0x00002654                osTick
                0x00002718                rmvFromRdyList
                0x00002474                osGetHighPrioProc
                0x00002734                osSuspend
                0x00002388                osInit
                0x00002768                osDeleteProcess
                0x000023b4                osISREnter
                0x00002490                schedule
                0x000023d8                osCreateProcess
                0x000025d4                addToRdyList
                0x00002324                addToTimeList
                0x000025e8                osResume
                0x000022d8                osPid
                0x00002798                osSleep
                0x000024fc                osISRExit
                0x00002564                osStart
                0x00002590                rmvFromTimeList
                0x000026b0                osStartProcess
 .text          0x000027d0      0x124 pre_emptive_os/pre_emptive_os.a(prioqueue.o)
                0x000027d0                initPrioQueue
                0x00002838                rmvFromPrioQueue
                0x000027f0                addToPrioQueue
                0x000028d4                isEmptyPrioQueue
                0x0000289c                getHighPrioQueue
 .text          0x000028f4      0x218 pre_emptive_os/pre_emptive_os.a(timer.o)
                0x000028f4                timerTick
                0x00002a68                osInitTimers
                0x00002a04                osDeleteTimer
                0x000029d8                osCreateTimer
 .text          0x00002b0c       0xa4 pre_emptive_os/pre_emptive_os.a(stack_usage.o)
                0x00002b0c                osStackUsage
                0x00002b50                createStackPattern
                0x00002b70                checkStackLimit
 .text          0x00002bb0      0x1ec pre_emptive_os/pre_emptive_os.a(a7hal.o)
                0x00002be8                stkFrameInit_oshal
                0x00002bb0                timerIsr_oshal
                0x00002cc8                halRestoreInterrupts_oshal
                0x00002cd0                initTimer_oshal
                0x00002cb8                halEnableInterrupts_oshal
                0x00002d68                handleIRQs_oshal
                0x00002c98                halDisableInterrupts_oshal
 .text          0x00002d9c       0xc4 pre_emptive_os/pre_emptive_os.a(a7hal_a.o)
                0x00002da8                startHighProc_oshal
                0x00002dd0                ctxSwitchIsr_oshal
                0x00002db0                ctxSwitch_oshal
                0x00002df0                generalIRQ_oshal
 .text          0x00002e60      0x144 pre_emptive_os/pre_emptive_os.a(count_sem.o)
                0x00002f00                osSemGive
                0x00002f64                osSemTryTake
                0x00002e60                osSemInit
                0x00002e74                osSemTake
 .text          0x00002fa4       0xd8 pre_emptive_os/pre_emptive_os.a(event.o)
                0x00002fb4                eventWait
                0x00002fa4                eventInit
                0x0000301c                eventIsEmpty
                0x00002fec                eventWaitReturn
                0x0000302c                eventSignal
 .text          0x0000307c      0x114 /cygdrive/c/Embedded/GNUARM/bin/../lib/gcc/arm-elf/4.1.1/interwork/libgcc.a(_udivsi3.o)
                0x0000307c                __udivsi3
                0x0000307c                __aeabi_uidiv
                0x00003178                __aeabi_uidivmod
 .text          0x00003190      0x144 /cygdrive/c/Embedded/GNUARM/bin/../lib/gcc/arm-elf/4.1.1/interwork/libgcc.a(_divsi3.o)
                0x00003190                __aeabi_idiv
                0x00003190                __divsi3
                0x000032bc                __aeabi_idivmod
 .text          0x000032d4       0xd0 /cygdrive/c/Embedded/GNUARM/bin/../lib/gcc/arm-elf/4.1.1/interwork/libgcc.a(_umodsi3.o)
                0x000032d4                __umodsi3
 .text          0x000033a4        0x4 /cygdrive/c/Embedded/GNUARM/bin/../lib/gcc/arm-elf/4.1.1/interwork/libgcc.a(_dvmd_tls.o)
                0x000033a4                __aeabi_ldiv0
                0x000033a4                __div0
                0x000033a4                __aeabi_idiv0
 .text          0x000033a8       0x3c /cygdrive/c/Embedded/GNUARM/bin/../lib/gcc/arm-elf/4.1.1/interwork/libgcc.a(_call_via_rX.o)
                0x000033b0                _call_via_r2
                0x000033c0                _call_via_r6
                0x000033bc                _call_via_r5
                0x000033b4                _call_via_r3
                0x000033d4                _call_via_fp
                0x000033c8                _call_via_r8
                0x000033c4                _call_via_r7
                0x000033a8                _call_via_r0
                0x000033d0                _call_via_sl
                0x000033dc                _call_via_sp
                0x000033cc                _call_via_r9
                0x000033b8                _call_via_r4
                0x000033ac                _call_via_r1
                0x000033d8                _call_via_ip
                0x000033e0                _call_via_lr
 .text          0x000033e4       0x30 /cygdrive/c/Embedded/GNUARM/bin/../lib/gcc/arm-elf/4.1.1/../../../../arm-elf/lib/interwork/libc.a(atoi.o)
                0x000033e4                _atoi_r
                0x000033fc                atoi
 .text          0x00003414       0x9c /cygdrive/c/Embedded/GNUARM/bin/../lib/gcc/arm-elf/4.1.1/../../../../arm-elf/lib/interwork/libc.a(memcpy.o)
                0x00003414                memcpy
 .text          0x000034b0       0x90 /cygdrive/c/Embedded/GNUARM/bin/../lib/gcc/arm-elf/4.1.1/../../../../arm-elf/lib/interwork/libc.a(strlen.o)
                0x000034b0                strlen
 .text          0x00003540      0x1f0 /cygdrive/c/Embedded/GNUARM/bin/../lib/gcc/arm-elf/4.1.1/../../../../arm-elf/lib/interwork/libc.a(strtol.o)
                0x00003704                strtol
                0x00003540                _strtol_r
 .text          0x00003730        0x0 /cygdrive/c/Embedded/GNUARM/bin/../lib/gcc/arm-elf/4.1.1/../../../../arm-elf/lib/interwork/libc.a(ctype_.o)
 .text          0x00003730        0x0 /cygdrive/c/Embedded/GNUARM/bin/../lib/gcc/arm-elf/4.1.1/../../../../arm-elf/lib/interwork/libc.a(impure.o)
 *(.glue_7)
 .glue_7        0x00003730        0x0 main.o
 .glue_7        0x00003730        0x0 eepromTest.o
 .glue_7        0x00003730        0x0 eeprom.o
 .glue_7        0x00003730        0x0 i2c.o
 .glue_7        0x00003730        0x0 adc.o
 .glue_7        0x00003730        0x0 pca9532.o
 .glue_7        0x00003730        0x0 lcd.o
 .glue_7        0x00003730        0x0 lcd_hw.o
 .glue_7        0x00003730        0x0 startup/libea_startup_thumb.a(consol.o)
 .glue_7        0x00003730        0x0 startup/libea_startup_thumb.a(framework.o)
 .glue_7        0x00003730        0x0 startup/libea_startup_thumb.a(startup.o)
 .glue_7        0x00003730        0x0 pre_emptive_os/pre_emptive_os.a(kernel.o)
 .glue_7        0x00003730        0x0 pre_emptive_os/pre_emptive_os.a(prioqueue.o)
 .glue_7        0x00003730        0x0 pre_emptive_os/pre_emptive_os.a(timer.o)
 .glue_7        0x00003730        0x0 pre_emptive_os/pre_emptive_os.a(stack_usage.o)
 .glue_7        0x00003730        0x0 pre_emptive_os/pre_emptive_os.a(a7hal.o)
 .glue_7        0x00003730        0x0 pre_emptive_os/pre_emptive_os.a(a7hal_a.o)
 .glue_7        0x00003730        0x0 pre_emptive_os/pre_emptive_os.a(count_sem.o)
 .glue_7        0x00003730        0x0 pre_emptive_os/pre_emptive_os.a(event.o)
 .glue_7        0x00003730        0x0 /cygdrive/c/Embedded/GNUARM/bin/../lib/gcc/arm-elf/4.1.1/interwork/libgcc.a(_udivsi3.o)
 .glue_7        0x00003730        0x0 /cygdrive/c/Embedded/GNUARM/bin/../lib/gcc/arm-elf/4.1.1/interwork/libgcc.a(_divsi3.o)
 .glue_7        0x00003730        0x0 /cygdrive/c/Embedded/GNUARM/bin/../lib/gcc/arm-elf/4.1.1/interwork/libgcc.a(_umodsi3.o)
 .glue_7        0x00003730        0x0 /cygdrive/c/Embedded/GNUARM/bin/../lib/gcc/arm-elf/4.1.1/interwork/libgcc.a(_dvmd_tls.o)
 .glue_7        0x00003730        0x0 /cygdrive/c/Embedded/GNUARM/bin/../lib/gcc/arm-elf/4.1.1/interwork/libgcc.a(_call_via_rX.o)
 .glue_7        0x00003730        0x0 /cygdrive/c/Embedded/GNUARM/bin/../lib/gcc/arm-elf/4.1.1/../../../../arm-elf/lib/interwork/libc.a(atoi.o)
 .glue_7        0x00003730        0x0 /cygdrive/c/Embedded/GNUARM/bin/../lib/gcc/arm-elf/4.1.1/../../../../arm-elf/lib/interwork/libc.a(memcpy.o)
 .glue_7        0x00003730        0x0 /cygdrive/c/Embedded/GNUARM/bin/../lib/gcc/arm-elf/4.1.1/../../../../arm-elf/lib/interwork/libc.a(strlen.o)
 .glue_7        0x00003730        0x0 /cygdrive/c/Embedded/GNUARM/bin/../lib/gcc/arm-elf/4.1.1/../../../../arm-elf/lib/interwork/libc.a(strtol.o)
 .glue_7        0x00003730        0x0 /cygdrive/c/Embedded/GNUARM/bin/../lib/gcc/arm-elf/4.1.1/../../../../arm-elf/lib/interwork/libc.a(ctype_.o)
 .glue_7        0x00003730       0x18 /cygdrive/c/Embedded/GNUARM/bin/../lib/gcc/arm-elf/4.1.1/../../../../arm-elf/lib/interwork/libc.a(impure.o)
                0x0000373c                __osISRExit_from_arm
                0x00003730                __osTick_from_arm
 *(.glue_7t)
 .glue_7t       0x00003748        0x0 main.o
 .glue_7t       0x00003748        0x0 eepromTest.o
 .glue_7t       0x00003748        0x0 eeprom.o
 .glue_7t       0x00003748        0x0 i2c.o
 .glue_7t       0x00003748        0x0 adc.o
 .glue_7t       0x00003748        0x0 pca9532.o
 .glue_7t       0x00003748        0x0 lcd.o
 .glue_7t       0x00003748        0x0 lcd_hw.o
 .glue_7t       0x00003748        0x0 startup/libea_startup_thumb.a(consol.o)
 .glue_7t       0x00003748        0x0 startup/libea_startup_thumb.a(framework.o)
 .glue_7t       0x00003748        0x0 startup/libea_startup_thumb.a(startup.o)
 .glue_7t       0x00003748        0x0 pre_emptive_os/pre_emptive_os.a(kernel.o)
 .glue_7t       0x00003748        0x0 pre_emptive_os/pre_emptive_os.a(prioqueue.o)
 .glue_7t       0x00003748        0x0 pre_emptive_os/pre_emptive_os.a(timer.o)
 .glue_7t       0x00003748        0x0 pre_emptive_os/pre_emptive_os.a(stack_usage.o)
 .glue_7t       0x00003748        0x0 pre_emptive_os/pre_emptive_os.a(a7hal.o)
 .glue_7t       0x00003748        0x0 pre_emptive_os/pre_emptive_os.a(a7hal_a.o)
 .glue_7t       0x00003748        0x0 pre_emptive_os/pre_emptive_os.a(count_sem.o)
 .glue_7t       0x00003748        0x0 pre_emptive_os/pre_emptive_os.a(event.o)
 .glue_7t       0x00003748        0x0 /cygdrive/c/Embedded/GNUARM/bin/../lib/gcc/arm-elf/4.1.1/interwork/libgcc.a(_udivsi3.o)
 .glue_7t       0x00003748        0x0 /cygdrive/c/Embedded/GNUARM/bin/../lib/gcc/arm-elf/4.1.1/interwork/libgcc.a(_divsi3.o)
 .glue_7t       0x00003748        0x0 /cygdrive/c/Embedded/GNUARM/bin/../lib/gcc/arm-elf/4.1.1/interwork/libgcc.a(_umodsi3.o)
 .glue_7t       0x00003748        0x0 /cygdrive/c/Embedded/GNUARM/bin/../lib/gcc/arm-elf/4.1.1/interwork/libgcc.a(_dvmd_tls.o)
 .glue_7t       0x00003748        0x0 /cygdrive/c/Embedded/GNUARM/bin/../lib/gcc/arm-elf/4.1.1/interwork/libgcc.a(_call_via_rX.o)
 .glue_7t       0x00003748        0x0 /cygdrive/c/Embedded/GNUARM/bin/../lib/gcc/arm-elf/4.1.1/../../../../arm-elf/lib/interwork/libc.a(atoi.o)
 .glue_7t       0x00003748        0x0 /cygdrive/c/Embedded/GNUARM/bin/../lib/gcc/arm-elf/4.1.1/../../../../arm-elf/lib/interwork/libc.a(memcpy.o)
 .glue_7t       0x00003748        0x0 /cygdrive/c/Embedded/GNUARM/bin/../lib/gcc/arm-elf/4.1.1/../../../../arm-elf/lib/interwork/libc.a(strlen.o)
 .glue_7t       0x00003748        0x0 /cygdrive/c/Embedded/GNUARM/bin/../lib/gcc/arm-elf/4.1.1/../../../../arm-elf/lib/interwork/libc.a(strtol.o)
 .glue_7t       0x00003748        0x0 /cygdrive/c/Embedded/GNUARM/bin/../lib/gcc/arm-elf/4.1.1/../../../../arm-elf/lib/interwork/libc.a(ctype_.o)
 .glue_7t       0x00003748       0x68 /cygdrive/c/Embedded/GNUARM/bin/../lib/gcc/arm-elf/4.1.1/../../../../arm-elf/lib/interwork/libc.a(impure.o)
                0x00003758                __halRestoreInterrupts_oshal_from_thumb
                0x0000377c                __strlen_change_to_arm
                0x00003770                __memcpy_from_thumb
                0x00003788                __ctxSwitch_oshal_from_thumb
                0x00003784                __stkFrameInit_oshal_change_to_arm
                0x0000379c                __initTimer_oshal_change_to_arm
                0x000037a0                __startHighProc_oshal_from_thumb
                0x000037ac                ____udivsi3_change_to_arm
                0x000037a4                __startHighProc_oshal_change_to_arm
                0x00003790                __ctxSwitchIsr_oshal_from_thumb
                0x0000375c                __halRestoreInterrupts_oshal_change_to_arm
                0x0000376c                __simplePrintf_change_to_arm
                0x00003748                ____divsi3_from_thumb
                0x0000378c                __ctxSwitch_oshal_change_to_arm
                0x00003780                __stkFrameInit_oshal_from_thumb
                0x000037a8                ____udivsi3_from_thumb
                0x00003760                __eaInit_from_thumb
                0x00003768                __simplePrintf_from_thumb
                0x00003798                __initTimer_oshal_from_thumb
                0x00003764                __eaInit_change_to_arm
                0x00003778                __strlen_from_thumb
                0x00003794                __ctxSwitchIsr_oshal_change_to_arm
                0x00003754                __halDisableInterrupts_oshal_change_to_arm
                0x00003750                __halDisableInterrupts_oshal_from_thumb
                0x00003774                __memcpy_change_to_arm
                0x0000374c                ____divsi3_change_to_arm
                0x000037b0                . = ALIGN (0x4)

.rodata         0x000037b0     0x139c
 *(.rodata)
 .rodata        0x000037b0      0x76c main.o
                0x000037b0                _ea_97x60c
                0x00003f0c                ButtonsCtrl
 .rodata        0x00003f1c        0xb pca9532.o
 .rodata        0x00003f27      0x55c lcd.o
                0x00003f27                charMap
 *fill*         0x00004483        0x1 00
 .rodata        0x00004484       0x10 startup/libea_startup_thumb.a(consol.o)
 .rodata        0x00004494      0x101 /cygdrive/c/Embedded/GNUARM/bin/../lib/gcc/arm-elf/4.1.1/../../../../arm-elf/lib/interwork/libc.a(ctype_.o)
                0x00004494                _ctype_
 *fill*         0x00004595        0x3 00
 .rodata        0x00004598        0x4 /cygdrive/c/Embedded/GNUARM/bin/../lib/gcc/arm-elf/4.1.1/../../../../arm-elf/lib/interwork/libc.a(impure.o)
                0x00004598                _global_impure_ptr
 *(.rodata*)
 .rodata.str1.4
                0x0000459c      0x25c main.o
                                0x260 (size before relaxing)
 .rodata.str1.4
                0x000047f8      0x25e eepromTest.o
                                0x260 (size before relaxing)
 *fill*         0x00004a56        0x2 00
 .rodata.str1.4
                0x00004a58       0x18 startup/libea_startup_thumb.a(consol.o)
 .rodata.str1.4
                0x00004a70       0xd8 startup/libea_startup_thumb.a(framework.o)
 .rodata.str1.4
                0x00004b48        0x4 /cygdrive/c/Embedded/GNUARM/bin/../lib/gcc/arm-elf/4.1.1/../../../../arm-elf/lib/interwork/libc.a(impure.o)
                0x00004b4c                . = ALIGN (0x4)
                0x00004b4c                _etext = .
                0x00004b4c                PROVIDE (etext, .)

.data           0x40000080      0x40c load address 0x00004b4c
                0x40000080                _data = .
 *(.data)
 .data          0x40000080        0x1 main.o
                0x40000080                rgbSpeed
 .data          0x40000081        0x0 eepromTest.o
 .data          0x40000081        0x0 eeprom.o
 .data          0x40000081        0x0 i2c.o
 .data          0x40000081        0x0 adc.o
 .data          0x40000081        0x0 pca9532.o
 .data          0x40000081        0x0 lcd.o
 .data          0x40000081        0x0 lcd_hw.o
 .data          0x40000081        0x0 startup/libea_startup_thumb.a(consol.o)
 .data          0x40000081        0x0 startup/libea_startup_thumb.a(framework.o)
 .data          0x40000081        0x0 startup/libea_startup_thumb.a(startup.o)
 .data          0x40000081        0x0 pre_emptive_os/pre_emptive_os.a(kernel.o)
 .data          0x40000081        0x0 pre_emptive_os/pre_emptive_os.a(prioqueue.o)
 .data          0x40000081        0x0 pre_emptive_os/pre_emptive_os.a(timer.o)
 .data          0x40000081        0x0 pre_emptive_os/pre_emptive_os.a(stack_usage.o)
 .data          0x40000081        0x0 pre_emptive_os/pre_emptive_os.a(a7hal.o)
 .data          0x40000081        0x0 pre_emptive_os/pre_emptive_os.a(a7hal_a.o)
 .data          0x40000081        0x0 pre_emptive_os/pre_emptive_os.a(count_sem.o)
 .data          0x40000081        0x0 pre_emptive_os/pre_emptive_os.a(event.o)
 .data          0x40000081        0x0 /cygdrive/c/Embedded/GNUARM/bin/../lib/gcc/arm-elf/4.1.1/interwork/libgcc.a(_udivsi3.o)
 .data          0x40000081        0x0 /cygdrive/c/Embedded/GNUARM/bin/../lib/gcc/arm-elf/4.1.1/interwork/libgcc.a(_divsi3.o)
 .data          0x40000081        0x0 /cygdrive/c/Embedded/GNUARM/bin/../lib/gcc/arm-elf/4.1.1/interwork/libgcc.a(_umodsi3.o)
 .data          0x40000081        0x0 /cygdrive/c/Embedded/GNUARM/bin/../lib/gcc/arm-elf/4.1.1/interwork/libgcc.a(_dvmd_tls.o)
 .data          0x40000081        0x0 /cygdrive/c/Embedded/GNUARM/bin/../lib/gcc/arm-elf/4.1.1/interwork/libgcc.a(_call_via_rX.o)
 .data          0x40000081        0x0 /cygdrive/c/Embedded/GNUARM/bin/../lib/gcc/arm-elf/4.1.1/../../../../arm-elf/lib/interwork/libc.a(atoi.o)
 .data          0x40000081        0x0 /cygdrive/c/Embedded/GNUARM/bin/../lib/gcc/arm-elf/4.1.1/../../../../arm-elf/lib/interwork/libc.a(memcpy.o)
 .data          0x40000081        0x0 /cygdrive/c/Embedded/GNUARM/bin/../lib/gcc/arm-elf/4.1.1/../../../../arm-elf/lib/interwork/libc.a(strlen.o)
 .data          0x40000081        0x0 /cygdrive/c/Embedded/GNUARM/bin/../lib/gcc/arm-elf/4.1.1/../../../../arm-elf/lib/interwork/libc.a(strtol.o)
 *fill*         0x40000081        0x3 00
 .data          0x40000084        0x4 /cygdrive/c/Embedded/GNUARM/bin/../lib/gcc/arm-elf/4.1.1/../../../../arm-elf/lib/interwork/libc.a(ctype_.o)
                0x40000084                __ctype_ptr
 .data          0x40000088      0x404 /cygdrive/c/Embedded/GNUARM/bin/../lib/gcc/arm-elf/4.1.1/../../../../arm-elf/lib/interwork/libc.a(impure.o)
                0x40000088                _impure_ptr
                0x4000048c                . = ALIGN (0x4)
                0x4000048c                _edata = .
                0x4000048c                PROVIDE (edata, .)

.bss            0x4000048c      0xa08
                0x4000048c                _bss = .
                0x4000048c                __bss_start = .
                0x4000048c                __bss_start__ = .
 *(.bss)
 .bss           0x4000048c      0x592 main.o
                0x4000048c                killProc1
 .bss           0x40000a1e        0x0 eepromTest.o
 .bss           0x40000a1e        0x0 eeprom.o
 .bss           0x40000a1e        0x0 i2c.o
 .bss           0x40000a1e        0x0 adc.o
 .bss           0x40000a1e        0x0 pca9532.o
 .bss           0x40000a1e        0x5 lcd.o
 .bss           0x40000a23        0x0 lcd_hw.o
 .bss           0x40000a23        0x0 startup/libea_startup_thumb.a(consol.o)
 .bss           0x40000a23        0x0 startup/libea_startup_thumb.a(framework.o)
 .bss           0x40000a23        0x0 startup/libea_startup_thumb.a(startup.o)
 *fill*         0x40000a23        0x1 00
 .bss           0x40000a24       0x2c pre_emptive_os/pre_emptive_os.a(kernel.o)
                0x40000a24                osLockNesting
                0x40000a28                pNxtToRun
                0x40000a2c                pRunProc
                0x40000a25                isrNesting
 .bss           0x40000a50        0x0 pre_emptive_os/pre_emptive_os.a(prioqueue.o)
 .bss           0x40000a50      0x348 pre_emptive_os/pre_emptive_os.a(timer.o)
 .bss           0x40000d98        0x0 pre_emptive_os/pre_emptive_os.a(stack_usage.o)
 .bss           0x40000d98        0x0 pre_emptive_os/pre_emptive_os.a(a7hal.o)
 .bss           0x40000d98        0x0 pre_emptive_os/pre_emptive_os.a(a7hal_a.o)
 .bss           0x40000d98        0x0 pre_emptive_os/pre_emptive_os.a(count_sem.o)
 .bss           0x40000d98        0x0 pre_emptive_os/pre_emptive_os.a(event.o)
 .bss           0x40000d98        0x0 /cygdrive/c/Embedded/GNUARM/bin/../lib/gcc/arm-elf/4.1.1/interwork/libgcc.a(_udivsi3.o)
 .bss           0x40000d98        0x0 /cygdrive/c/Embedded/GNUARM/bin/../lib/gcc/arm-elf/4.1.1/interwork/libgcc.a(_divsi3.o)
 .bss           0x40000d98        0x0 /cygdrive/c/Embedded/GNUARM/bin/../lib/gcc/arm-elf/4.1.1/interwork/libgcc.a(_umodsi3.o)
 .bss           0x40000d98        0x0 /cygdrive/c/Embedded/GNUARM/bin/../lib/gcc/arm-elf/4.1.1/interwork/libgcc.a(_dvmd_tls.o)
 .bss           0x40000d98        0x0 /cygdrive/c/Embedded/GNUARM/bin/../lib/gcc/arm-elf/4.1.1/interwork/libgcc.a(_call_via_rX.o)
 .bss           0x40000d98        0x0 /cygdrive/c/Embedded/GNUARM/bin/../lib/gcc/arm-elf/4.1.1/../../../../arm-elf/lib/interwork/libc.a(atoi.o)
 .bss           0x40000d98        0x0 /cygdrive/c/Embedded/GNUARM/bin/../lib/gcc/arm-elf/4.1.1/../../../../arm-elf/lib/interwork/libc.a(memcpy.o)
 .bss           0x40000d98        0x0 /cygdrive/c/Embedded/GNUARM/bin/../lib/gcc/arm-elf/4.1.1/../../../../arm-elf/lib/interwork/libc.a(strlen.o)
 .bss           0x40000d98        0x0 /cygdrive/c/Embedded/GNUARM/bin/../lib/gcc/arm-elf/4.1.1/../../../../arm-elf/lib/interwork/libc.a(strtol.o)
 .bss           0x40000d98        0x0 /cygdrive/c/Embedded/GNUARM/bin/../lib/gcc/arm-elf/4.1.1/../../../../arm-elf/lib/interwork/libc.a(ctype_.o)
 .bss           0x40000d98        0x0 /cygdrive/c/Embedded/GNUARM/bin/../lib/gcc/arm-elf/4.1.1/../../../../arm-elf/lib/interwork/libc.a(impure.o)
 *(COMMON)
 COMMON         0x40000d98        0x4 main.o
                0x40000d98                msClock
 COMMON         0x40000d9c        0x8 startup/libea_startup_thumb.a(framework.o)
                0x40000d9c                pHeapEnd
                0x40000da0                pHeapStart
 COMMON         0x40000da4       0xf0 pre_emptive_os/pre_emptive_os.a(kernel.o)
                0x40000da4                processControlBlocks
                0x40000e94                . = ALIGN (0x4)
                0x40000e94                . = ALIGN (0x4)
                0x40000e94                __bss_end = .
                0x40000e94                __bss_end__ = .
                0x40000e94                _end = .
                0x40000e94                PROVIDE (end, .)

.stab           0x00000000      0x600
 *(.stab)
 .stab          0x00000000      0x3c0 startup/libea_startup_thumb.a(startup.o)
 .stab          0x000003c0      0x240 pre_emptive_os/pre_emptive_os.a(a7hal_a.o)
                                0x24c (size before relaxing)

.stabstr        0x00000000       0x9b
 *(.stabstr)
 .stabstr       0x00000000       0x9b startup/libea_startup_thumb.a(startup.o)

.stab.excl
 *(.stab.excl)

.stab.exclstr
 *(.stab.exclstr)

.stab.index
 *(.stab.index)

.stab.indexstr
 *(.stab.indexstr)

.comment        0x00000000      0x19e
 *(.comment)
 .comment       0x00000000       0x12 main.o
 .comment       0x00000012       0x12 eepromTest.o
 .comment       0x00000024       0x12 eeprom.o
 .comment       0x00000036       0x12 i2c.o
 .comment       0x00000048       0x12 adc.o
 .comment       0x0000005a       0x12 pca9532.o
 .comment       0x0000006c       0x12 lcd.o
 .comment       0x0000007e       0x12 lcd_hw.o
 .comment       0x00000090       0x12 startup/libea_startup_thumb.a(consol.o)
 .comment       0x000000a2       0x12 startup/libea_startup_thumb.a(framework.o)
 .comment       0x000000b4       0x12 pre_emptive_os/pre_emptive_os.a(kernel.o)
 .comment       0x000000c6       0x12 pre_emptive_os/pre_emptive_os.a(prioqueue.o)
 .comment       0x000000d8       0x12 pre_emptive_os/pre_emptive_os.a(timer.o)
 .comment       0x000000ea       0x12 pre_emptive_os/pre_emptive_os.a(stack_usage.o)
 .comment       0x000000fc       0x12 pre_emptive_os/pre_emptive_os.a(a7hal.o)
 .comment       0x0000010e       0x12 pre_emptive_os/pre_emptive_os.a(count_sem.o)
 .comment       0x00000120       0x12 pre_emptive_os/pre_emptive_os.a(event.o)
 .comment       0x00000132       0x12 /cygdrive/c/Embedded/GNUARM/bin/../lib/gcc/arm-elf/4.1.1/../../../../arm-elf/lib/interwork/libc.a(atoi.o)
 .comment       0x00000144       0x12 /cygdrive/c/Embedded/GNUARM/bin/../lib/gcc/arm-elf/4.1.1/../../../../arm-elf/lib/interwork/libc.a(memcpy.o)
 .comment       0x00000156       0x12 /cygdrive/c/Embedded/GNUARM/bin/../lib/gcc/arm-elf/4.1.1/../../../../arm-elf/lib/interwork/libc.a(strlen.o)
 .comment       0x00000168       0x12 /cygdrive/c/Embedded/GNUARM/bin/../lib/gcc/arm-elf/4.1.1/../../../../arm-elf/lib/interwork/libc.a(strtol.o)
 .comment       0x0000017a       0x12 /cygdrive/c/Embedded/GNUARM/bin/../lib/gcc/arm-elf/4.1.1/../../../../arm-elf/lib/interwork/libc.a(ctype_.o)
 .comment       0x0000018c       0x12 /cygdrive/c/Embedded/GNUARM/bin/../lib/gcc/arm-elf/4.1.1/../../../../arm-elf/lib/interwork/libc.a(impure.o)

.debug
 *(.debug)

.line
 *(.line)

.debug_srcinfo
 *(.debug_srcinfo)

.debug_sfnames
 *(.debug_sfnames)

.debug_aranges  0x00000000      0x340
 *(.debug_aranges)
 .debug_aranges
                0x00000000       0x20 main.o
 .debug_aranges
                0x00000020       0x20 eepromTest.o
 .debug_aranges
                0x00000040       0x20 eeprom.o
 .debug_aranges
                0x00000060       0x20 i2c.o
 .debug_aranges
                0x00000080       0x20 adc.o
 .debug_aranges
                0x000000a0       0x20 pca9532.o
 .debug_aranges
                0x000000c0       0x20 lcd.o
 .debug_aranges
                0x000000e0       0x20 lcd_hw.o
 .debug_aranges
                0x00000100       0x20 startup/libea_startup_thumb.a(consol.o)
 .debug_aranges
                0x00000120       0x20 startup/libea_startup_thumb.a(framework.o)
 .debug_aranges
                0x00000140       0x20 pre_emptive_os/pre_emptive_os.a(kernel.o)
 .debug_aranges
                0x00000160       0x20 pre_emptive_os/pre_emptive_os.a(prioqueue.o)
 .debug_aranges
                0x00000180       0x20 pre_emptive_os/pre_emptive_os.a(timer.o)
 .debug_aranges
                0x000001a0       0x20 pre_emptive_os/pre_emptive_os.a(stack_usage.o)
 .debug_aranges
                0x000001c0       0x20 pre_emptive_os/pre_emptive_os.a(a7hal.o)
 .debug_aranges
                0x000001e0       0x20 pre_emptive_os/pre_emptive_os.a(count_sem.o)
 .debug_aranges
                0x00000200       0x20 pre_emptive_os/pre_emptive_os.a(event.o)
 .debug_aranges
                0x00000220       0x20 /cygdrive/c/Embedded/GNUARM/bin/../lib/gcc/arm-elf/4.1.1/interwork/libgcc.a(_udivsi3.o)
 .debug_aranges
                0x00000240       0x20 /cygdrive/c/Embedded/GNUARM/bin/../lib/gcc/arm-elf/4.1.1/interwork/libgcc.a(_divsi3.o)
 .debug_aranges
                0x00000260       0x20 /cygdrive/c/Embedded/GNUARM/bin/../lib/gcc/arm-elf/4.1.1/interwork/libgcc.a(_umodsi3.o)
 .debug_aranges
                0x00000280       0x20 /cygdrive/c/Embedded/GNUARM/bin/../lib/gcc/arm-elf/4.1.1/interwork/libgcc.a(_dvmd_tls.o)
 .debug_aranges
                0x000002a0       0x20 /cygdrive/c/Embedded/GNUARM/bin/../lib/gcc/arm-elf/4.1.1/interwork/libgcc.a(_call_via_rX.o)
 .debug_aranges
                0x000002c0       0x20 /cygdrive/c/Embedded/GNUARM/bin/../lib/gcc/arm-elf/4.1.1/../../../../arm-elf/lib/interwork/libc.a(atoi.o)
 .debug_aranges
                0x000002e0       0x20 /cygdrive/c/Embedded/GNUARM/bin/../lib/gcc/arm-elf/4.1.1/../../../../arm-elf/lib/interwork/libc.a(memcpy.o)
 .debug_aranges
                0x00000300       0x20 /cygdrive/c/Embedded/GNUARM/bin/../lib/gcc/arm-elf/4.1.1/../../../../arm-elf/lib/interwork/libc.a(strlen.o)
 .debug_aranges
                0x00000320       0x20 /cygdrive/c/Embedded/GNUARM/bin/../lib/gcc/arm-elf/4.1.1/../../../../arm-elf/lib/interwork/libc.a(strtol.o)

.debug_pubnames
                0x00000000      0x9ae
 *(.debug_pubnames)
 .debug_pubnames
                0x00000000       0x86 main.o
 .debug_pubnames
                0x00000086       0x21 eepromTest.o
 .debug_pubnames
                0x000000a7       0x64 eeprom.o
 .debug_pubnames
                0x0000010b       0xcc i2c.o
 .debug_pubnames
                0x000001d7       0x33 adc.o
 .debug_pubnames
                0x0000020a       0x46 pca9532.o
 .debug_pubnames
                0x00000250       0xe5 lcd.o
 .debug_pubnames
                0x00000335       0x40 lcd_hw.o
 .debug_pubnames
                0x00000375       0xda startup/libea_startup_thumb.a(consol.o)
 .debug_pubnames
                0x0000044f       0x63 startup/libea_startup_thumb.a(framework.o)
 .debug_pubnames
                0x000004b2      0x17f pre_emptive_os/pre_emptive_os.a(kernel.o)
 .debug_pubnames
                0x00000631       0x76 pre_emptive_os/pre_emptive_os.a(prioqueue.o)
 .debug_pubnames
                0x000006a7       0x55 pre_emptive_os/pre_emptive_os.a(timer.o)
 .debug_pubnames
                0x000006fc       0x4e pre_emptive_os/pre_emptive_os.a(stack_usage.o)
 .debug_pubnames
                0x0000074a       0xc1 pre_emptive_os/pre_emptive_os.a(a7hal.o)
 .debug_pubnames
                0x0000080b       0x4d pre_emptive_os/pre_emptive_os.a(count_sem.o)
 .debug_pubnames
                0x00000858       0x63 pre_emptive_os/pre_emptive_os.a(event.o)
 .debug_pubnames
                0x000008bb       0x27 /cygdrive/c/Embedded/GNUARM/bin/../lib/gcc/arm-elf/4.1.1/../../../../arm-elf/lib/interwork/libc.a(atoi.o)
 .debug_pubnames
                0x000008e2       0x1d /cygdrive/c/Embedded/GNUARM/bin/../lib/gcc/arm-elf/4.1.1/../../../../arm-elf/lib/interwork/libc.a(memcpy.o)
 .debug_pubnames
                0x000008ff       0x1d /cygdrive/c/Embedded/GNUARM/bin/../lib/gcc/arm-elf/4.1.1/../../../../arm-elf/lib/interwork/libc.a(strlen.o)
 .debug_pubnames
                0x0000091c       0x2b /cygdrive/c/Embedded/GNUARM/bin/../lib/gcc/arm-elf/4.1.1/../../../../arm-elf/lib/interwork/libc.a(strtol.o)
 .debug_pubnames
                0x00000947       0x2e /cygdrive/c/Embedded/GNUARM/bin/../lib/gcc/arm-elf/4.1.1/../../../../arm-elf/lib/interwork/libc.a(ctype_.o)
 .debug_pubnames
                0x00000975       0x39 /cygdrive/c/Embedded/GNUARM/bin/../lib/gcc/arm-elf/4.1.1/../../../../arm-elf/lib/interwork/libc.a(impure.o)

.debug_info     0x00000000     0x5531
 *(.debug_info .gnu.linkonce.wi.*)
 .debug_info    0x00000000      0x3d2 main.o
 .debug_info    0x000003d2      0x11e eepromTest.o
 .debug_info    0x000004f0      0x29a eeprom.o
 .debug_info    0x0000078a      0x465 i2c.o
 .debug_info    0x00000bef       0xdd adc.o
 .debug_info    0x00000ccc      0x179 pca9532.o
 .debug_info    0x00000e45      0x596 lcd.o
 .debug_info    0x000013db      0x105 lcd_hw.o
 .debug_info    0x000014e0      0x584 startup/libea_startup_thumb.a(consol.o)
 .debug_info    0x00001a64      0x1e5 startup/libea_startup_thumb.a(framework.o)
 .debug_info    0x00001c49      0x5fe pre_emptive_os/pre_emptive_os.a(kernel.o)
 .debug_info    0x00002247      0x2e8 pre_emptive_os/pre_emptive_os.a(prioqueue.o)
 .debug_info    0x0000252f      0x4b8 pre_emptive_os/pre_emptive_os.a(timer.o)
 .debug_info    0x000029e7      0x2cf pre_emptive_os/pre_emptive_os.a(stack_usage.o)
 .debug_info    0x00002cb6      0x189 pre_emptive_os/pre_emptive_os.a(a7hal.o)
 .debug_info    0x00002e3f      0x32b pre_emptive_os/pre_emptive_os.a(count_sem.o)
 .debug_info    0x0000316a      0x2ee pre_emptive_os/pre_emptive_os.a(event.o)
 .debug_info    0x00003458       0x68 /cygdrive/c/Embedded/GNUARM/bin/../lib/gcc/arm-elf/4.1.1/interwork/libgcc.a(_udivsi3.o)
 .debug_info    0x000034c0       0x68 /cygdrive/c/Embedded/GNUARM/bin/../lib/gcc/arm-elf/4.1.1/interwork/libgcc.a(_divsi3.o)
 .debug_info    0x00003528       0x68 /cygdrive/c/Embedded/GNUARM/bin/../lib/gcc/arm-elf/4.1.1/interwork/libgcc.a(_umodsi3.o)
 .debug_info    0x00003590       0x68 /cygdrive/c/Embedded/GNUARM/bin/../lib/gcc/arm-elf/4.1.1/interwork/libgcc.a(_dvmd_tls.o)
 .debug_info    0x000035f8       0x68 /cygdrive/c/Embedded/GNUARM/bin/../lib/gcc/arm-elf/4.1.1/interwork/libgcc.a(_call_via_rX.o)
 .debug_info    0x00003660      0x949 /cygdrive/c/Embedded/GNUARM/bin/../lib/gcc/arm-elf/4.1.1/../../../../arm-elf/lib/interwork/libc.a(atoi.o)
 .debug_info    0x00003fa9      0x10a /cygdrive/c/Embedded/GNUARM/bin/../lib/gcc/arm-elf/4.1.1/../../../../arm-elf/lib/interwork/libc.a(memcpy.o)
 .debug_info    0x000040b3       0xd4 /cygdrive/c/Embedded/GNUARM/bin/../lib/gcc/arm-elf/4.1.1/../../../../arm-elf/lib/interwork/libc.a(strlen.o)
 .debug_info    0x00004187      0xa0f /cygdrive/c/Embedded/GNUARM/bin/../lib/gcc/arm-elf/4.1.1/../../../../arm-elf/lib/interwork/libc.a(strtol.o)
 .debug_info    0x00004b96       0x79 /cygdrive/c/Embedded/GNUARM/bin/../lib/gcc/arm-elf/4.1.1/../../../../arm-elf/lib/interwork/libc.a(ctype_.o)
 .debug_info    0x00004c0f      0x922 /cygdrive/c/Embedded/GNUARM/bin/../lib/gcc/arm-elf/4.1.1/../../../../arm-elf/lib/interwork/libc.a(impure.o)

.debug_abbrev   0x00000000     0x1b52
 *(.debug_abbrev)
 .debug_abbrev  0x00000000      0x19c main.o
 .debug_abbrev  0x0000019c       0x94 eepromTest.o
 .debug_abbrev  0x00000230      0x117 eeprom.o
 .debug_abbrev  0x00000347      0x1ac i2c.o
 .debug_abbrev  0x000004f3       0xa6 adc.o
 .debug_abbrev  0x00000599       0xb8 pca9532.o
 .debug_abbrev  0x00000651      0x1bf lcd.o
 .debug_abbrev  0x00000810       0xcd lcd_hw.o
 .debug_abbrev  0x000008dd      0x2a4 startup/libea_startup_thumb.a(consol.o)
 .debug_abbrev  0x00000b81       0xd0 startup/libea_startup_thumb.a(framework.o)
 .debug_abbrev  0x00000c51      0x1b8 pre_emptive_os/pre_emptive_os.a(kernel.o)
 .debug_abbrev  0x00000e09      0x11e pre_emptive_os/pre_emptive_os.a(prioqueue.o)
 .debug_abbrev  0x00000f27      0x154 pre_emptive_os/pre_emptive_os.a(timer.o)
 .debug_abbrev  0x0000107b      0x170 pre_emptive_os/pre_emptive_os.a(stack_usage.o)
 .debug_abbrev  0x000011eb       0xf2 pre_emptive_os/pre_emptive_os.a(a7hal.o)
 .debug_abbrev  0x000012dd      0x101 pre_emptive_os/pre_emptive_os.a(count_sem.o)
 .debug_abbrev  0x000013de      0x103 pre_emptive_os/pre_emptive_os.a(event.o)
 .debug_abbrev  0x000014e1       0x14 /cygdrive/c/Embedded/GNUARM/bin/../lib/gcc/arm-elf/4.1.1/interwork/libgcc.a(_udivsi3.o)
 .debug_abbrev  0x000014f5       0x14 /cygdrive/c/Embedded/GNUARM/bin/../lib/gcc/arm-elf/4.1.1/interwork/libgcc.a(_divsi3.o)
 .debug_abbrev  0x00001509       0x14 /cygdrive/c/Embedded/GNUARM/bin/../lib/gcc/arm-elf/4.1.1/interwork/libgcc.a(_umodsi3.o)
 .debug_abbrev  0x0000151d       0x14 /cygdrive/c/Embedded/GNUARM/bin/../lib/gcc/arm-elf/4.1.1/interwork/libgcc.a(_dvmd_tls.o)
 .debug_abbrev  0x00001531       0x14 /cygdrive/c/Embedded/GNUARM/bin/../lib/gcc/arm-elf/4.1.1/interwork/libgcc.a(_call_via_rX.o)
 .debug_abbrev  0x00001545      0x176 /cygdrive/c/Embedded/GNUARM/bin/../lib/gcc/arm-elf/4.1.1/../../../../arm-elf/lib/interwork/libc.a(atoi.o)
 .debug_abbrev  0x000016bb       0xa6 /cygdrive/c/Embedded/GNUARM/bin/../lib/gcc/arm-elf/4.1.1/../../../../arm-elf/lib/interwork/libc.a(memcpy.o)
 .debug_abbrev  0x00001761       0x8b /cygdrive/c/Embedded/GNUARM/bin/../lib/gcc/arm-elf/4.1.1/../../../../arm-elf/lib/interwork/libc.a(strlen.o)
 .debug_abbrev  0x000017ec      0x1bd /cygdrive/c/Embedded/GNUARM/bin/../lib/gcc/arm-elf/4.1.1/../../../../arm-elf/lib/interwork/libc.a(strtol.o)
 .debug_abbrev  0x000019a9       0x52 /cygdrive/c/Embedded/GNUARM/bin/../lib/gcc/arm-elf/4.1.1/../../../../arm-elf/lib/interwork/libc.a(ctype_.o)
 .debug_abbrev  0x000019fb      0x157 /cygdrive/c/Embedded/GNUARM/bin/../lib/gcc/arm-elf/4.1.1/../../../../arm-elf/lib/interwork/libc.a(impure.o)

.debug_line     0x00000000     0x16f8
 *(.debug_line)
 .debug_line    0x00000000      0x198 main.o
 .debug_line    0x00000198       0x91 eepromTest.o
 .debug_line    0x00000229       0xf4 eeprom.o
 .debug_line    0x0000031d      0x10d i2c.o
 .debug_line    0x0000042a       0x7f adc.o
 .debug_line    0x000004a9       0x96 pca9532.o
 .debug_line    0x0000053f      0x183 lcd.o
 .debug_line    0x000006c2       0x99 lcd_hw.o
 .debug_line    0x0000075b      0x193 startup/libea_startup_thumb.a(consol.o)
 .debug_line    0x000008ee       0xba startup/libea_startup_thumb.a(framework.o)
 .debug_line    0x000009a8      0x176 pre_emptive_os/pre_emptive_os.a(kernel.o)
 .debug_line    0x00000b1e       0xbb pre_emptive_os/pre_emptive_os.a(prioqueue.o)
 .debug_line    0x00000bd9      0x109 pre_emptive_os/pre_emptive_os.a(timer.o)
 .debug_line    0x00000ce2       0x97 pre_emptive_os/pre_emptive_os.a(stack_usage.o)
 .debug_line    0x00000d79       0x8c pre_emptive_os/pre_emptive_os.a(a7hal.o)
 .debug_line    0x00000e05       0xd9 pre_emptive_os/pre_emptive_os.a(count_sem.o)
 .debug_line    0x00000ede       0xaf pre_emptive_os/pre_emptive_os.a(event.o)
 .debug_line    0x00000f8d       0x84 /cygdrive/c/Embedded/GNUARM/bin/../lib/gcc/arm-elf/4.1.1/interwork/libgcc.a(_udivsi3.o)
 .debug_line    0x00001011       0x90 /cygdrive/c/Embedded/GNUARM/bin/../lib/gcc/arm-elf/4.1.1/interwork/libgcc.a(_divsi3.o)
 .debug_line    0x000010a1       0x6e /cygdrive/c/Embedded/GNUARM/bin/../lib/gcc/arm-elf/4.1.1/interwork/libgcc.a(_umodsi3.o)
 .debug_line    0x0000110f       0x5d /cygdrive/c/Embedded/GNUARM/bin/../lib/gcc/arm-elf/4.1.1/interwork/libgcc.a(_dvmd_tls.o)
 .debug_line    0x0000116c       0x6b /cygdrive/c/Embedded/GNUARM/bin/../lib/gcc/arm-elf/4.1.1/interwork/libgcc.a(_call_via_rX.o)
 .debug_line    0x000011d7       0xf9 /cygdrive/c/Embedded/GNUARM/bin/../lib/gcc/arm-elf/4.1.1/../../../../arm-elf/lib/interwork/libc.a(atoi.o)
 .debug_line    0x000012d0       0xc8 /cygdrive/c/Embedded/GNUARM/bin/../lib/gcc/arm-elf/4.1.1/../../../../arm-elf/lib/interwork/libc.a(memcpy.o)
 .debug_line    0x00001398       0xaf /cygdrive/c/Embedded/GNUARM/bin/../lib/gcc/arm-elf/4.1.1/../../../../arm-elf/lib/interwork/libc.a(strlen.o)
 .debug_line    0x00001447      0x173 /cygdrive/c/Embedded/GNUARM/bin/../lib/gcc/arm-elf/4.1.1/../../../../arm-elf/lib/interwork/libc.a(strtol.o)
 .debug_line    0x000015ba       0x5b /cygdrive/c/Embedded/GNUARM/bin/../lib/gcc/arm-elf/4.1.1/../../../../arm-elf/lib/interwork/libc.a(ctype_.o)
 .debug_line    0x00001615       0xe3 /cygdrive/c/Embedded/GNUARM/bin/../lib/gcc/arm-elf/4.1.1/../../../../arm-elf/lib/interwork/libc.a(impure.o)

.debug_frame    0x00000000      0xe00
 *(.debug_frame)
 .debug_frame   0x00000000       0xb0 main.o
 .debug_frame   0x000000b0       0x30 eepromTest.o
 .debug_frame   0x000000e0       0xa4 eeprom.o
 .debug_frame   0x00000184      0x108 i2c.o
 .debug_frame   0x0000028c       0x40 adc.o
 .debug_frame   0x000002cc       0x68 pca9532.o
 .debug_frame   0x00000334      0x1b8 lcd.o
 .debug_frame   0x000004ec       0x4c lcd_hw.o
 .debug_frame   0x00000538      0x150 startup/libea_startup_thumb.a(consol.o)
 .debug_frame   0x00000688       0xe0 startup/libea_startup_thumb.a(framework.o)
 .debug_frame   0x00000768      0x1e8 pre_emptive_os/pre_emptive_os.a(kernel.o)
 .debug_frame   0x00000950       0x8c pre_emptive_os/pre_emptive_os.a(prioqueue.o)
 .debug_frame   0x000009dc       0xb8 pre_emptive_os/pre_emptive_os.a(timer.o)
 .debug_frame   0x00000a94       0x58 pre_emptive_os/pre_emptive_os.a(stack_usage.o)
 .debug_frame   0x00000aec       0xa0 pre_emptive_os/pre_emptive_os.a(a7hal.o)
 .debug_frame   0x00000b8c       0x84 pre_emptive_os/pre_emptive_os.a(count_sem.o)
 .debug_frame   0x00000c10       0x94 pre_emptive_os/pre_emptive_os.a(event.o)
 .debug_frame   0x00000ca4       0x2c /cygdrive/c/Embedded/GNUARM/bin/../lib/gcc/arm-elf/4.1.1/interwork/libgcc.a(_udivsi3.o)
 .debug_frame   0x00000cd0       0x2c /cygdrive/c/Embedded/GNUARM/bin/../lib/gcc/arm-elf/4.1.1/interwork/libgcc.a(_divsi3.o)
 .debug_frame   0x00000cfc       0x2c /cygdrive/c/Embedded/GNUARM/bin/../lib/gcc/arm-elf/4.1.1/interwork/libgcc.a(_umodsi3.o)
 .debug_frame   0x00000d28       0x40 /cygdrive/c/Embedded/GNUARM/bin/../lib/gcc/arm-elf/4.1.1/../../../../arm-elf/lib/interwork/libc.a(atoi.o)
 .debug_frame   0x00000d68       0x28 /cygdrive/c/Embedded/GNUARM/bin/../lib/gcc/arm-elf/4.1.1/../../../../arm-elf/lib/interwork/libc.a(memcpy.o)
 .debug_frame   0x00000d90       0x20 /cygdrive/c/Embedded/GNUARM/bin/../lib/gcc/arm-elf/4.1.1/../../../../arm-elf/lib/interwork/libc.a(strlen.o)
 .debug_frame   0x00000db0       0x50 /cygdrive/c/Embedded/GNUARM/bin/../lib/gcc/arm-elf/4.1.1/../../../../arm-elf/lib/interwork/libc.a(strtol.o)

.debug_str      0x00000000     0x1545
 *(.debug_str)
 .debug_str     0x00000000      0x1a8 main.o
                                0x1f8 (size before relaxing)
 .debug_str     0x000001a8       0x7a eepromTest.o
                                0x111 (size before relaxing)
 .debug_str     0x00000222       0x8f eeprom.o
                                0x10b (size before relaxing)
 .debug_str     0x000002b1       0x95 i2c.o
                                0x135 (size before relaxing)
 .debug_str     0x00000346       0x42 adc.o
                                 0xd5 (size before relaxing)
 .debug_str     0x00000388       0x5b pca9532.o
                                 0xf5 (size before relaxing)
 .debug_str     0x000003e3      0x13c lcd.o
                                0x1da (size before relaxing)
 .debug_str     0x0000051f       0x3b lcd_hw.o
                                 0xcf (size before relaxing)
 .debug_str     0x0000055a      0x19c startup/libea_startup_thumb.a(consol.o)
                                0x242 (size before relaxing)
 .debug_str     0x000006f6       0xdd startup/libea_startup_thumb.a(framework.o)
                                0x13e (size before relaxing)
 .debug_str     0x000007d3      0x2d8 pre_emptive_os/pre_emptive_os.a(kernel.o)
                                0x35e (size before relaxing)
 .debug_str     0x00000aab       0x7d pre_emptive_os/pre_emptive_os.a(prioqueue.o)
                                0x246 (size before relaxing)
 .debug_str     0x00000b28      0x10e pre_emptive_os/pre_emptive_os.a(timer.o)
                                0x2f7 (size before relaxing)
 .debug_str     0x00000c36       0x70 pre_emptive_os/pre_emptive_os.a(stack_usage.o)
                                0x22b (size before relaxing)
 .debug_str     0x00000ca6      0x16f pre_emptive_os/pre_emptive_os.a(a7hal.o)
                                0x1dd (size before relaxing)
 .debug_str     0x00000e15       0x51 pre_emptive_os/pre_emptive_os.a(count_sem.o)
                                0x25b (size before relaxing)
 .debug_str     0x00000e66       0x51 pre_emptive_os/pre_emptive_os.a(event.o)
                                0x265 (size before relaxing)
 .debug_str     0x00000eb7      0x409 /cygdrive/c/Embedded/GNUARM/bin/../lib/gcc/arm-elf/4.1.1/../../../../arm-elf/lib/interwork/libc.a(atoi.o)
                                0x49e (size before relaxing)
 .debug_str     0x000012c0       0xaa /cygdrive/c/Embedded/GNUARM/bin/../lib/gcc/arm-elf/4.1.1/../../../../arm-elf/lib/interwork/libc.a(memcpy.o)
                                 0xd6 (size before relaxing)
 .debug_str     0x0000136a       0x56 /cygdrive/c/Embedded/GNUARM/bin/../lib/gcc/arm-elf/4.1.1/../../../../arm-elf/lib/interwork/libc.a(strlen.o)
                                0x11f (size before relaxing)
 .debug_str     0x000013c0       0x78 /cygdrive/c/Embedded/GNUARM/bin/../lib/gcc/arm-elf/4.1.1/../../../../arm-elf/lib/interwork/libc.a(strtol.o)
                                0x4e0 (size before relaxing)
 .debug_str     0x00001438       0x7b /cygdrive/c/Embedded/GNUARM/bin/../lib/gcc/arm-elf/4.1.1/../../../../arm-elf/lib/interwork/libc.a(ctype_.o)
                                 0xaa (size before relaxing)
 .debug_str     0x000014b3       0x92 /cygdrive/c/Embedded/GNUARM/bin/../lib/gcc/arm-elf/4.1.1/../../../../arm-elf/lib/interwork/libc.a(impure.o)
                                0x4bc (size before relaxing)

.debug_loc      0x00000000     0x1df8
 *(.debug_loc)
 .debug_loc     0x00000000      0x1a3 main.o
 .debug_loc     0x000001a3       0x4a eepromTest.o
 .debug_loc     0x000001ed      0x374 eeprom.o
 .debug_loc     0x00000561      0x406 i2c.o
 .debug_loc     0x00000967       0x68 adc.o
 .debug_loc     0x000009cf       0xbd pca9532.o
 .debug_loc     0x00000a8c      0x78e lcd.o
 .debug_loc     0x0000121a       0x79 lcd_hw.o
 .debug_loc     0x00001293      0x5ee startup/libea_startup_thumb.a(consol.o)
 .debug_loc     0x00001881      0x1b2 startup/libea_startup_thumb.a(framework.o)
 .debug_loc     0x00001a33       0x77 /cygdrive/c/Embedded/GNUARM/bin/../lib/gcc/arm-elf/4.1.1/../../../../arm-elf/lib/interwork/libc.a(atoi.o)
 .debug_loc     0x00001aaa       0xfc /cygdrive/c/Embedded/GNUARM/bin/../lib/gcc/arm-elf/4.1.1/../../../../arm-elf/lib/interwork/libc.a(memcpy.o)
 .debug_loc     0x00001ba6       0x47 /cygdrive/c/Embedded/GNUARM/bin/../lib/gcc/arm-elf/4.1.1/../../../../arm-elf/lib/interwork/libc.a(strlen.o)
 .debug_loc     0x00001bed      0x20b /cygdrive/c/Embedded/GNUARM/bin/../lib/gcc/arm-elf/4.1.1/../../../../arm-elf/lib/interwork/libc.a(strtol.o)

.debug_macinfo
 *(.debug_macinfo)

.debug_weaknames
 *(.debug_weaknames)

.debug_funcnames
 *(.debug_funcnames)

.debug_typenames
 *(.debug_typenames)

.debug_varnames
 *(.debug_varnames)
OUTPUT(lpc2138_edu_board.elf elf32-littlearm)

Cross Reference Table

Symbol                                            File
ButtonsCtrl                                       main.o
____divsi3_change_to_arm                          /cygdrive/c/Embedded/GNUARM/bin/../lib/gcc/arm-elf/4.1.1/../../../../arm-elf/lib/interwork/libc.a(impure.o)
____divsi3_from_thumb                             /cygdrive/c/Embedded/GNUARM/bin/../lib/gcc/arm-elf/4.1.1/../../../../arm-elf/lib/interwork/libc.a(impure.o)
____udivsi3_change_to_arm                         /cygdrive/c/Embedded/GNUARM/bin/../lib/gcc/arm-elf/4.1.1/../../../../arm-elf/lib/interwork/libc.a(impure.o)
____udivsi3_from_thumb                            /cygdrive/c/Embedded/GNUARM/bin/../lib/gcc/arm-elf/4.1.1/../../../../arm-elf/lib/interwork/libc.a(impure.o)
__aeabi_idiv                                      /cygdrive/c/Embedded/GNUARM/bin/../lib/gcc/arm-elf/4.1.1/interwork/libgcc.a(_divsi3.o)
__aeabi_idiv0                                     /cygdrive/c/Embedded/GNUARM/bin/../lib/gcc/arm-elf/4.1.1/interwork/libgcc.a(_dvmd_tls.o)
__aeabi_idivmod                                   /cygdrive/c/Embedded/GNUARM/bin/../lib/gcc/arm-elf/4.1.1/interwork/libgcc.a(_divsi3.o)
__aeabi_ldiv0                                     /cygdrive/c/Embedded/GNUARM/bin/../lib/gcc/arm-elf/4.1.1/interwork/libgcc.a(_dvmd_tls.o)
__aeabi_uidiv                                     /cygdrive/c/Embedded/GNUARM/bin/../lib/gcc/arm-elf/4.1.1/interwork/libgcc.a(_udivsi3.o)
__aeabi_uidivmod                                  /cygdrive/c/Embedded/GNUARM/bin/../lib/gcc/arm-elf/4.1.1/interwork/libgcc.a(_udivsi3.o)
__bss_end__                                       startup/libea_startup_thumb.a(startup.o)
__bss_start__                                     startup/libea_startup_thumb.a(startup.o)
__ctxSwitchIsr_oshal_change_to_arm                /cygdrive/c/Embedded/GNUARM/bin/../lib/gcc/arm-elf/4.1.1/../../../../arm-elf/lib/interwork/libc.a(impure.o)
__ctxSwitchIsr_oshal_from_thumb                   /cygdrive/c/Embedded/GNUARM/bin/../lib/gcc/arm-elf/4.1.1/../../../../arm-elf/lib/interwork/libc.a(impure.o)
__ctxSwitch_oshal_change_to_arm                   /cygdrive/c/Embedded/GNUARM/bin/../lib/gcc/arm-elf/4.1.1/../../../../arm-elf/lib/interwork/libc.a(impure.o)
__ctxSwitch_oshal_from_thumb                      /cygdrive/c/Embedded/GNUARM/bin/../lib/gcc/arm-elf/4.1.1/../../../../arm-elf/lib/interwork/libc.a(impure.o)
__ctype_ptr                                       /cygdrive/c/Embedded/GNUARM/bin/../lib/gcc/arm-elf/4.1.1/../../../../arm-elf/lib/interwork/libc.a(ctype_.o)
                                                  /cygdrive/c/Embedded/GNUARM/bin/../lib/gcc/arm-elf/4.1.1/../../../../arm-elf/lib/interwork/libc.a(strtol.o)
__div0                                            /cygdrive/c/Embedded/GNUARM/bin/../lib/gcc/arm-elf/4.1.1/interwork/libgcc.a(_dvmd_tls.o)
                                                  /cygdrive/c/Embedded/GNUARM/bin/../lib/gcc/arm-elf/4.1.1/interwork/libgcc.a(_umodsi3.o)
                                                  /cygdrive/c/Embedded/GNUARM/bin/../lib/gcc/arm-elf/4.1.1/interwork/libgcc.a(_divsi3.o)
                                                  /cygdrive/c/Embedded/GNUARM/bin/../lib/gcc/arm-elf/4.1.1/interwork/libgcc.a(_udivsi3.o)
__divsi3                                          /cygdrive/c/Embedded/GNUARM/bin/../lib/gcc/arm-elf/4.1.1/interwork/libgcc.a(_divsi3.o)
                                                  pre_emptive_os/pre_emptive_os.a(stack_usage.o)
                                                  main.o
__eaInit_change_to_arm                            /cygdrive/c/Embedded/GNUARM/bin/../lib/gcc/arm-elf/4.1.1/../../../../arm-elf/lib/interwork/libc.a(impure.o)
__eaInit_from_thumb                               /cygdrive/c/Embedded/GNUARM/bin/../lib/gcc/arm-elf/4.1.1/../../../../arm-elf/lib/interwork/libc.a(impure.o)
__halDisableInterrupts_oshal_change_to_arm        /cygdrive/c/Embedded/GNUARM/bin/../lib/gcc/arm-elf/4.1.1/../../../../arm-elf/lib/interwork/libc.a(impure.o)
__halDisableInterrupts_oshal_from_thumb           /cygdrive/c/Embedded/GNUARM/bin/../lib/gcc/arm-elf/4.1.1/../../../../arm-elf/lib/interwork/libc.a(impure.o)
__halRestoreInterrupts_oshal_change_to_arm        /cygdrive/c/Embedded/GNUARM/bin/../lib/gcc/arm-elf/4.1.1/../../../../arm-elf/lib/interwork/libc.a(impure.o)
__halRestoreInterrupts_oshal_from_thumb           /cygdrive/c/Embedded/GNUARM/bin/../lib/gcc/arm-elf/4.1.1/../../../../arm-elf/lib/interwork/libc.a(impure.o)
__initTimer_oshal_change_to_arm                   /cygdrive/c/Embedded/GNUARM/bin/../lib/gcc/arm-elf/4.1.1/../../../../arm-elf/lib/interwork/libc.a(impure.o)
__initTimer_oshal_from_thumb                      /cygdrive/c/Embedded/GNUARM/bin/../lib/gcc/arm-elf/4.1.1/../../../../arm-elf/lib/interwork/libc.a(impure.o)
__memcpy_change_to_arm                            /cygdrive/c/Embedded/GNUARM/bin/../lib/gcc/arm-elf/4.1.1/../../../../arm-elf/lib/interwork/libc.a(impure.o)
__memcpy_from_thumb                               /cygdrive/c/Embedded/GNUARM/bin/../lib/gcc/arm-elf/4.1.1/../../../../arm-elf/lib/interwork/libc.a(impure.o)
__osISRExit_from_arm                              /cygdrive/c/Embedded/GNUARM/bin/../lib/gcc/arm-elf/4.1.1/../../../../arm-elf/lib/interwork/libc.a(impure.o)
__osTick_from_arm                                 /cygdrive/c/Embedded/GNUARM/bin/../lib/gcc/arm-elf/4.1.1/../../../../arm-elf/lib/interwork/libc.a(impure.o)
__simplePrintf_change_to_arm                      /cygdrive/c/Embedded/GNUARM/bin/../lib/gcc/arm-elf/4.1.1/../../../../arm-elf/lib/interwork/libc.a(impure.o)
__simplePrintf_from_thumb                         /cygdrive/c/Embedded/GNUARM/bin/../lib/gcc/arm-elf/4.1.1/../../../../arm-elf/lib/interwork/libc.a(impure.o)
__startHighProc_oshal_change_to_arm               /cygdrive/c/Embedded/GNUARM/bin/../lib/gcc/arm-elf/4.1.1/../../../../arm-elf/lib/interwork/libc.a(impure.o)
__startHighProc_oshal_from_thumb                  /cygdrive/c/Embedded/GNUARM/bin/../lib/gcc/arm-elf/4.1.1/../../../../arm-elf/lib/interwork/libc.a(impure.o)
__stkFrameInit_oshal_change_to_arm                /cygdrive/c/Embedded/GNUARM/bin/../lib/gcc/arm-elf/4.1.1/../../../../arm-elf/lib/interwork/libc.a(impure.o)
__stkFrameInit_oshal_from_thumb                   /cygdrive/c/Embedded/GNUARM/bin/../lib/gcc/arm-elf/4.1.1/../../../../arm-elf/lib/interwork/libc.a(impure.o)
__strlen_change_to_arm                            /cygdrive/c/Embedded/GNUARM/bin/../lib/gcc/arm-elf/4.1.1/../../../../arm-elf/lib/interwork/libc.a(impure.o)
__strlen_from_thumb                               /cygdrive/c/Embedded/GNUARM/bin/../lib/gcc/arm-elf/4.1.1/../../../../arm-elf/lib/interwork/libc.a(impure.o)
__udivsi3                                         /cygdrive/c/Embedded/GNUARM/bin/../lib/gcc/arm-elf/4.1.1/interwork/libgcc.a(_udivsi3.o)
                                                  /cygdrive/c/Embedded/GNUARM/bin/../lib/gcc/arm-elf/4.1.1/../../../../arm-elf/lib/interwork/libc.a(strtol.o)
                                                  pre_emptive_os/pre_emptive_os.a(stack_usage.o)
                                                  startup/libea_startup_thumb.a(consol.o)
__umodsi3                                         /cygdrive/c/Embedded/GNUARM/bin/../lib/gcc/arm-elf/4.1.1/interwork/libgcc.a(_umodsi3.o)
                                                  /cygdrive/c/Embedded/GNUARM/bin/../lib/gcc/arm-elf/4.1.1/../../../../arm-elf/lib/interwork/libc.a(strtol.o)
                                                  startup/libea_startup_thumb.a(consol.o)
_atoi_r                                           /cygdrive/c/Embedded/GNUARM/bin/../lib/gcc/arm-elf/4.1.1/../../../../arm-elf/lib/interwork/libc.a(atoi.o)
_call_via_fp                                      /cygdrive/c/Embedded/GNUARM/bin/../lib/gcc/arm-elf/4.1.1/interwork/libgcc.a(_call_via_rX.o)
_call_via_ip                                      /cygdrive/c/Embedded/GNUARM/bin/../lib/gcc/arm-elf/4.1.1/interwork/libgcc.a(_call_via_rX.o)
_call_via_lr                                      /cygdrive/c/Embedded/GNUARM/bin/../lib/gcc/arm-elf/4.1.1/interwork/libgcc.a(_call_via_rX.o)
_call_via_r0                                      /cygdrive/c/Embedded/GNUARM/bin/../lib/gcc/arm-elf/4.1.1/interwork/libgcc.a(_call_via_rX.o)
_call_via_r1                                      /cygdrive/c/Embedded/GNUARM/bin/../lib/gcc/arm-elf/4.1.1/interwork/libgcc.a(_call_via_rX.o)
_call_via_r2                                      /cygdrive/c/Embedded/GNUARM/bin/../lib/gcc/arm-elf/4.1.1/interwork/libgcc.a(_call_via_rX.o)
_call_via_r3                                      /cygdrive/c/Embedded/GNUARM/bin/../lib/gcc/arm-elf/4.1.1/interwork/libgcc.a(_call_via_rX.o)
_call_via_r4                                      /cygdrive/c/Embedded/GNUARM/bin/../lib/gcc/arm-elf/4.1.1/interwork/libgcc.a(_call_via_rX.o)
                                                  pre_emptive_os/pre_emptive_os.a(timer.o)
_call_via_r5                                      /cygdrive/c/Embedded/GNUARM/bin/../lib/gcc/arm-elf/4.1.1/interwork/libgcc.a(_call_via_rX.o)
_call_via_r6                                      /cygdrive/c/Embedded/GNUARM/bin/../lib/gcc/arm-elf/4.1.1/interwork/libgcc.a(_call_via_rX.o)
_call_via_r7                                      /cygdrive/c/Embedded/GNUARM/bin/../lib/gcc/arm-elf/4.1.1/interwork/libgcc.a(_call_via_rX.o)
_call_via_r8                                      /cygdrive/c/Embedded/GNUARM/bin/../lib/gcc/arm-elf/4.1.1/interwork/libgcc.a(_call_via_rX.o)
_call_via_r9                                      /cygdrive/c/Embedded/GNUARM/bin/../lib/gcc/arm-elf/4.1.1/interwork/libgcc.a(_call_via_rX.o)
_call_via_sl                                      /cygdrive/c/Embedded/GNUARM/bin/../lib/gcc/arm-elf/4.1.1/interwork/libgcc.a(_call_via_rX.o)
_call_via_sp                                      /cygdrive/c/Embedded/GNUARM/bin/../lib/gcc/arm-elf/4.1.1/interwork/libgcc.a(_call_via_rX.o)
_ctype_                                           /cygdrive/c/Embedded/GNUARM/bin/../lib/gcc/arm-elf/4.1.1/../../../../arm-elf/lib/interwork/libc.a(ctype_.o)
_data                                             startup/libea_startup_thumb.a(startup.o)
_ea_97x60c                                        main.o
_edata                                            startup/libea_startup_thumb.a(startup.o)
_etext                                            startup/libea_startup_thumb.a(startup.o)
_global_impure_ptr                                /cygdrive/c/Embedded/GNUARM/bin/../lib/gcc/arm-elf/4.1.1/../../../../arm-elf/lib/interwork/libc.a(impure.o)
_impure_ptr                                       /cygdrive/c/Embedded/GNUARM/bin/../lib/gcc/arm-elf/4.1.1/../../../../arm-elf/lib/interwork/libc.a(impure.o)
                                                  /cygdrive/c/Embedded/GNUARM/bin/../lib/gcc/arm-elf/4.1.1/../../../../arm-elf/lib/interwork/libc.a(strtol.o)
_startup                                          startup/libea_startup_thumb.a(startup.o)
_strtol_r                                         /cygdrive/c/Embedded/GNUARM/bin/../lib/gcc/arm-elf/4.1.1/../../../../arm-elf/lib/interwork/libc.a(strtol.o)
                                                  /cygdrive/c/Embedded/GNUARM/bin/../lib/gcc/arm-elf/4.1.1/../../../../arm-elf/lib/interwork/libc.a(atoi.o)
addToPrioQueue                                    pre_emptive_os/pre_emptive_os.a(prioqueue.o)
                                                  pre_emptive_os/pre_emptive_os.a(event.o)
                                                  pre_emptive_os/pre_emptive_os.a(kernel.o)
addToRdyList                                      pre_emptive_os/pre_emptive_os.a(kernel.o)
                                                  pre_emptive_os/pre_emptive_os.a(event.o)
addToTimeList                                     pre_emptive_os/pre_emptive_os.a(kernel.o)
                                                  pre_emptive_os/pre_emptive_os.a(event.o)
appTick                                           main.o
                                                  pre_emptive_os/pre_emptive_os.a(kernel.o)
atoi                                              /cygdrive/c/Embedded/GNUARM/bin/../lib/gcc/arm-elf/4.1.1/../../../../arm-elf/lib/interwork/libc.a(atoi.o)
                                                  startup/libea_startup_thumb.a(consol.o)
charMap                                           lcd.o
checkStackLimit                                   pre_emptive_os/pre_emptive_os.a(stack_usage.o)
consolGetCh                                       startup/libea_startup_thumb.a(consol.o)
consolGetChar                                     startup/libea_startup_thumb.a(consol.o)
consolGetIntNum                                   startup/libea_startup_thumb.a(consol.o)
consolGetString                                   startup/libea_startup_thumb.a(consol.o)
consolInit                                        startup/libea_startup_thumb.a(consol.o)
                                                  startup/libea_startup_thumb.a(framework.o)
consolScanf                                       startup/libea_startup_thumb.a(consol.o)
consolSendCh                                      startup/libea_startup_thumb.a(consol.o)
consolSendChar                                    startup/libea_startup_thumb.a(consol.o)
consolSendNumber                                  startup/libea_startup_thumb.a(consol.o)
                                                  startup/libea_startup_thumb.a(framework.o)
consolSendString                                  startup/libea_startup_thumb.a(consol.o)
                                                  startup/libea_startup_thumb.a(framework.o)
createStackPattern                                pre_emptive_os/pre_emptive_os.a(stack_usage.o)
                                                  pre_emptive_os/pre_emptive_os.a(kernel.o)
ctxSwitchIsr_oshal                                pre_emptive_os/pre_emptive_os.a(a7hal_a.o)
                                                  pre_emptive_os/pre_emptive_os.a(kernel.o)
ctxSwitch_oshal                                   pre_emptive_os/pre_emptive_os.a(a7hal_a.o)
                                                  pre_emptive_os/pre_emptive_os.a(kernel.o)
eaInit                                            startup/libea_startup_thumb.a(framework.o)
                                                  main.o
eepromPageRead                                    eeprom.o
                                                  eepromTest.o
eepromPoll                                        eeprom.o
                                                  eepromTest.o
eepromStartRead                                   eeprom.o
eepromWrite                                       eeprom.o
                                                  eepromTest.o
end                                               startup/libea_startup_thumb.a(framework.o)
eventInit                                         pre_emptive_os/pre_emptive_os.a(event.o)
                                                  pre_emptive_os/pre_emptive_os.a(count_sem.o)
eventIsEmpty                                      pre_emptive_os/pre_emptive_os.a(event.o)
                                                  pre_emptive_os/pre_emptive_os.a(count_sem.o)
eventSignal                                       pre_emptive_os/pre_emptive_os.a(event.o)
                                                  pre_emptive_os/pre_emptive_os.a(count_sem.o)
eventWait                                         pre_emptive_os/pre_emptive_os.a(event.o)
                                                  pre_emptive_os/pre_emptive_os.a(count_sem.o)
eventWaitReturn                                   pre_emptive_os/pre_emptive_os.a(event.o)
                                                  pre_emptive_os/pre_emptive_os.a(count_sem.o)
exceptionHandlerInit                              startup/libea_startup_thumb.a(framework.o)
                                                  startup/libea_startup_thumb.a(startup.o)
generalIRQ_oshal                                  pre_emptive_os/pre_emptive_os.a(a7hal_a.o)
                                                  pre_emptive_os/pre_emptive_os.a(a7hal.o)
getAnalogueInput                                  adc.o
                                                  main.o
getHighPrioQueue                                  pre_emptive_os/pre_emptive_os.a(prioqueue.o)
                                                  pre_emptive_os/pre_emptive_os.a(event.o)
                                                  pre_emptive_os/pre_emptive_os.a(kernel.o)
getPca9532Pin                                     pca9532.o
halDisableInterrupts_oshal                        pre_emptive_os/pre_emptive_os.a(a7hal.o)
                                                  pre_emptive_os/pre_emptive_os.a(count_sem.o)
                                                  pre_emptive_os/pre_emptive_os.a(timer.o)
                                                  pre_emptive_os/pre_emptive_os.a(kernel.o)
                                                  main.o
halEnableInterrupts_oshal                         pre_emptive_os/pre_emptive_os.a(a7hal.o)
halRestoreInterrupts_oshal                        pre_emptive_os/pre_emptive_os.a(a7hal.o)
                                                  pre_emptive_os/pre_emptive_os.a(count_sem.o)
                                                  pre_emptive_os/pre_emptive_os.a(timer.o)
                                                  pre_emptive_os/pre_emptive_os.a(kernel.o)
                                                  main.o
handleIRQs_oshal                                  pre_emptive_os/pre_emptive_os.a(a7hal.o)
                                                  pre_emptive_os/pre_emptive_os.a(a7hal_a.o)
i2cCheckStatus                                    i2c.o
                                                  eeprom.o
i2cGetChar                                        i2c.o
                                                  eeprom.o
i2cInit                                           i2c.o
                                                  main.o
i2cMyWrite                                        i2c.o
i2cPutChar                                        i2c.o
                                                  eeprom.o
i2cRead                                           i2c.o
i2cRepeatStart                                    i2c.o
                                                  eeprom.o
i2cStart                                          i2c.o
                                                  eeprom.o
i2cStop                                           i2c.o
                                                  eeprom.o
i2cWaitTransmit                                   i2c.o
i2cWrite                                          i2c.o
i2cWriteWithWait                                  i2c.o
                                                  eeprom.o
initAdc                                           adc.o
                                                  main.o
initPrioQueue                                     pre_emptive_os/pre_emptive_os.a(prioqueue.o)
                                                  pre_emptive_os/pre_emptive_os.a(event.o)
                                                  pre_emptive_os/pre_emptive_os.a(kernel.o)
initSpiForLcd                                     lcd_hw.o
                                                  lcd.o
initTimer_oshal                                   pre_emptive_os/pre_emptive_os.a(a7hal.o)
                                                  pre_emptive_os/pre_emptive_os.a(kernel.o)
isEmptyPrioQueue                                  pre_emptive_os/pre_emptive_os.a(prioqueue.o)
                                                  pre_emptive_os/pre_emptive_os.a(event.o)
isrNesting                                        pre_emptive_os/pre_emptive_os.a(kernel.o)
                                                  pre_emptive_os/pre_emptive_os.a(event.o)
                                                  pre_emptive_os/pre_emptive_os.a(count_sem.o)
                                                  pre_emptive_os/pre_emptive_os.a(a7hal_a.o)
killProc1                                         main.o
lcdClrscr                                         lcd.o
                                                  main.o
lcdColor                                          lcd.o
                                                  main.o
lcdContrast                                       lcd.o
lcdData                                           lcd.o
lcdGotoxy                                         lcd.o
                                                  main.o
lcdIcon                                           lcd.o
                                                  main.o
lcdInit                                           lcd.o
                                                  main.o
lcdOff                                            lcd.o
lcdPutchar                                        lcd.o
lcdPuts                                           lcd.o
                                                  main.o
lcdRect                                           lcd.o
lcdRectBrd                                        lcd.o
lcdWindow                                         lcd.o
lcdWrcmd                                          lcd.o
lcdWrdata                                         lcd.o
lowLevelInit                                      startup/libea_startup_thumb.a(framework.o)
                                                  startup/libea_startup_thumb.a(startup.o)
main                                              main.o
                                                  startup/libea_startup_thumb.a(startup.o)
memcpy                                            /cygdrive/c/Embedded/GNUARM/bin/../lib/gcc/arm-elf/4.1.1/../../../../arm-elf/lib/interwork/libc.a(memcpy.o)
                                                  startup/libea_startup_thumb.a(consol.o)
                                                  pca9532.o
                                                  eepromTest.o
msClock                                           main.o
osCreateProcess                                   pre_emptive_os/pre_emptive_os.a(kernel.o)
                                                  pre_emptive_os/pre_emptive_os.a(timer.o)
                                                  main.o
osCreateTimer                                     pre_emptive_os/pre_emptive_os.a(timer.o)
osDeleteProcess                                   pre_emptive_os/pre_emptive_os.a(kernel.o)
                                                  main.o
osDeleteTimer                                     pre_emptive_os/pre_emptive_os.a(timer.o)
osGetHighPrioProc                                 pre_emptive_os/pre_emptive_os.a(kernel.o)
osISREnter                                        pre_emptive_os/pre_emptive_os.a(kernel.o)
osISRExit                                         pre_emptive_os/pre_emptive_os.a(kernel.o)
                                                  pre_emptive_os/pre_emptive_os.a(a7hal_a.o)
osInit                                            pre_emptive_os/pre_emptive_os.a(kernel.o)
                                                  main.o
osInitTimers                                      pre_emptive_os/pre_emptive_os.a(timer.o)
osLockNesting                                     pre_emptive_os/pre_emptive_os.a(kernel.o)
osPid                                             pre_emptive_os/pre_emptive_os.a(kernel.o)
osResume                                          pre_emptive_os/pre_emptive_os.a(kernel.o)
osSemGive                                         pre_emptive_os/pre_emptive_os.a(count_sem.o)
                                                  pre_emptive_os/pre_emptive_os.a(timer.o)
osSemInit                                         pre_emptive_os/pre_emptive_os.a(count_sem.o)
                                                  pre_emptive_os/pre_emptive_os.a(timer.o)
osSemTake                                         pre_emptive_os/pre_emptive_os.a(count_sem.o)
                                                  pre_emptive_os/pre_emptive_os.a(timer.o)
osSemTryTake                                      pre_emptive_os/pre_emptive_os.a(count_sem.o)
osSleep                                           pre_emptive_os/pre_emptive_os.a(kernel.o)
                                                  lcd.o
                                                  adc.o
                                                  main.o
osStackUsage                                      pre_emptive_os/pre_emptive_os.a(stack_usage.o)
osStart                                           pre_emptive_os/pre_emptive_os.a(kernel.o)
                                                  main.o
osStartProcess                                    pre_emptive_os/pre_emptive_os.a(kernel.o)
                                                  pre_emptive_os/pre_emptive_os.a(timer.o)
                                                  main.o
osSuspend                                         pre_emptive_os/pre_emptive_os.a(kernel.o)
osTick                                            pre_emptive_os/pre_emptive_os.a(kernel.o)
                                                  pre_emptive_os/pre_emptive_os.a(a7hal.o)
pHeapEnd                                          startup/libea_startup_thumb.a(framework.o)
pHeapStart                                        startup/libea_startup_thumb.a(framework.o)
pNxtToRun                                         pre_emptive_os/pre_emptive_os.a(kernel.o)
                                                  pre_emptive_os/pre_emptive_os.a(a7hal_a.o)
pRunProc                                          pre_emptive_os/pre_emptive_os.a(kernel.o)
                                                  pre_emptive_os/pre_emptive_os.a(event.o)
                                                  pre_emptive_os/pre_emptive_os.a(a7hal_a.o)
pca9532                                           eeprom.o
                                                  pca9532.o
pca9532Init                                       pca9532.o
                                                  main.o
processControlBlocks                              pre_emptive_os/pre_emptive_os.a(event.o)
                                                  pre_emptive_os/pre_emptive_os.a(stack_usage.o)
                                                  pre_emptive_os/pre_emptive_os.a(kernel.o)
readTouch                                         main.o
rgbSpeed                                          main.o
rmvFromPrioQueue                                  pre_emptive_os/pre_emptive_os.a(prioqueue.o)
                                                  pre_emptive_os/pre_emptive_os.a(event.o)
                                                  pre_emptive_os/pre_emptive_os.a(kernel.o)
rmvFromRdyList                                    pre_emptive_os/pre_emptive_os.a(kernel.o)
                                                  pre_emptive_os/pre_emptive_os.a(event.o)
rmvFromTimeList                                   pre_emptive_os/pre_emptive_os.a(kernel.o)
                                                  pre_emptive_os/pre_emptive_os.a(event.o)
schedule                                          pre_emptive_os/pre_emptive_os.a(kernel.o)
                                                  pre_emptive_os/pre_emptive_os.a(event.o)
                                                  pre_emptive_os/pre_emptive_os.a(count_sem.o)
selectLCD                                         lcd_hw.o
                                                  lcd.o
sendToLCD                                         lcd_hw.o
                                                  lcd.o
setPca9532Pin                                     pca9532.o
simplePrintf                                      startup/libea_startup_thumb.a(consol.o)
                                                  eepromTest.o
                                                  main.o
startHighProc_oshal                               pre_emptive_os/pre_emptive_os.a(a7hal_a.o)
                                                  pre_emptive_os/pre_emptive_os.a(kernel.o)
stkFrameInit_oshal                                pre_emptive_os/pre_emptive_os.a(a7hal.o)
                                                  pre_emptive_os/pre_emptive_os.a(kernel.o)
strlen                                            /cygdrive/c/Embedded/GNUARM/bin/../lib/gcc/arm-elf/4.1.1/../../../../arm-elf/lib/interwork/libc.a(strlen.o)
                                                  startup/libea_startup_thumb.a(consol.o)
                                                  eepromTest.o
strtol                                            /cygdrive/c/Embedded/GNUARM/bin/../lib/gcc/arm-elf/4.1.1/../../../../arm-elf/lib/interwork/libc.a(strtol.o)
                                                  /cygdrive/c/Embedded/GNUARM/bin/../lib/gcc/arm-elf/4.1.1/../../../../arm-elf/lib/interwork/libc.a(atoi.o)
testEEPROM                                        eepromTest.o
                                                  main.o
timerIsr_oshal                                    pre_emptive_os/pre_emptive_os.a(a7hal.o)
timerTick                                         pre_emptive_os/pre_emptive_os.a(timer.o)
                                                  pre_emptive_os/pre_emptive_os.a(kernel.o)
udelay                                            main.o
